loading every upstream stage

========================================================================
REJECTION CRITERIA
========================================================================
  clear    N1: a dominated point is excluded from the front
  clear    N2: both non-dominated points are on the front
  clear    N3: attrition accounts for 200 of 200
  clear    N4: no gate failure carries a score (195 failed, 5 scored) and no component is imputed
  clear    N5: status RANKED matches the survivor count 5
  clear    N6: 200 rows against the 200 the Stage 4 manifest records
  clear    W8: 4 decision value(s) all declared, and none overlaps either design class by substring
  clear    W9: every decision recomputes from gate status and the front alone; 2 of 5 survivors are on the front and the decisions distinguish them
  clear    W1: nine weights sum to 1, all eleven components carry a declared coefficient, version wm-scoring-1
  clear    W2: 5 scorecard(s): every component is exactly one of the three states, every non-measured one names its reason and carries no value, and the denominator is the measured weight alone
  clear    W3: 5 score(s) recompute from the components, weights and adjustment recorded on the candidate, to within 1e-12
  clear    W4: 195 gate failure(s) carry neither a score nor a scorecard; scoring is reached by survivors only, which is what makes the weighted sum safe
  clear    W5: every candidate above the 0.5 floor carries a number and every candidate below it carries null (5 scored of 5)
  clear    W6: confidence moved 1.0 -> 0.5 and the safety component held at 0.1769; risk moved the safety component to 0.5884 and the adjustment held at 1.0
  clear    W7: the front is ['FER1L6', 'GPR35'] under both weight sets while 5 of 5 score(s) moved; the score order held at ['TMEM92', 'FER1L6', 'GPR35', 'BTNL8', 'TNFSF9'] -- order is free to change, membership is not
  clear    W11: changing one weight moves the Stage 11 hash 2591188b434f185d -> ae2e71d87dcff90a
========================================================================
  16/16 criteria clear

========================================================================
WHERE THE TWO HUNDRED WENT
========================================================================
    blocked on normal tissue risk      - 192       8 remain
    no design recommended              -   0       8 remain
    no binder retrieved                -   3       5 remain
    no construct assembled             -   0       5 remain
    construct over budget              -   0       5 remain
    reached the end                              5

  Pareto front: 2 design(s), no weighted total
    FER1L6     attractiveness 0.5023  margin -0.1381  binders 0  cleanliness 0
    GPR35      attractiveness 0.5022  margin -0.1627  binders 1  cleanliness 0

  configuration hash 2591188b434f185d
