  indication Invasive Breast Carcinoma
  server up on http://127.0.0.1:8137

========================================================================
REJECTION CRITERIA
========================================================================
  clear    A1: project created (201), target_antigen None and discovery mode B
  clear    A2: a view before any run answers 409 RUN_NOT_COMPLETE with instructions, not an empty list
  clear    A3: a run returns 202 with job ac5a30129e6d rather than blocking

  polling
    running   sources  loading cached sources
    running   pairing  evaluating pairs
    running   binders  retrieving binders
  querying the trial registry for 200 antigens
    running   safety  gating
    25/200
    50/200
    75/200
    100/200
    125/200
    150/200
    175/200
    200/200
    complete  ranking  NO_DESIGN_REACHES_THE_END
  clear    A4: job finished complete after stages ['sources', 'pairing', 'binders', 'safety', 'ranking']
  clear    A5: 200 NO_BUILDABLE_CONSTRUCT: 0 buildable = 0 complete + 0 awaiting a binder; 0 over budget, 6 reasons
  clear    A6: end state NO_DESIGN_REACHES_THE_END, attrition accounts for 200 + 0 of 200; 0 reached = 0 complete + 0 awaiting
  clear    A7: top target CD24 ranked 1 carries all 6 scoring components
  clear    A8: pairs carry the span percentile beside the raw fraction (0.012740414063457063 at percentile 0.1942)
  clear    A10: an unknown project answers 404 NOT_FOUND and one that exists without a finished run answers 409 RUN_NOT_COMPLETE: a client can tell a bad id from a run in progress
  clear    A9: evidence trail for MSLN spans 7 stages: stage3, stage4, stage5, stage6, stage9, stage10, stage11
  clear    W10: 5 unhonoured field(s) refused by name and 5 honoured field(s) accepted; the document's own example is refused naming 'objective' and saying to remove ['objective']
  clear    W12: the contract carries all 6 named fields for 0 candidate(s) and 200 excluded; next_best_experiments is null with a stated reason and audit_id is 5b0c8d78ee5e7be7
========================================================================
  12/12 criteria clear

========================================================================
WHAT THE API RETURNS FOR THIS INDICATION
========================================================================
    GET /constructs -> NO_BUILDABLE_CONSTRUCT
      - Conservative safety tolerance mandates a safety switch.
      - No design assembled at all.
      - Single-domain binders would fit; 0 of 288 retrieved candidates are single-domain.
      - This is a constraint result, not a pipeline failure. The budget is Stage 1's and is doing what it exists for.
      - No conservative backup exists in this pool. A conservative design is the conventional single-antigen receptor with a clinically-precedented binder, and no such design is buildable here: 4 single-antigen target(s) were recommended (ABCC11, ATP1A4, HCAR1, LCT) and none of them assembles, for want of a binder; no dual design assembles at all, because every dual recommendation names a partner that retrieves no binder. This is reported rather than filled by labelling something that does not qualify.
      - 46 of 200 structural binder(s) across this pool are annotated against a different protein than the target they were retrieved for, and 0 of those belong to a design that assembles: CDH1 6VEL:HL records SULFATE ION, Ubiquitin-like protein SMT3,Cadherin-1, CALCIUM ION; CLDN4 7TDM:HL records Heat-labile enterotoxin B chain. A retrieved count is a count of database hits. The entry was found by searching on the target's accession, so it contains the target; the antibody in it is annotated against another chain of the same complex. The count did not change, what it means did.

    GET /result     -> NO_DESIGN_REACHES_THE_END
      blocked on normal tissue risk      - 196     4 remain
      no design recommended              -   0     4 remain
      no binder retrieved                -   3     1 remain
      no construct assembled             -   1     0 remain
      construct over budget              -   0     0 remain
