loading upstream

========================================================================
REJECTION CRITERIA
========================================================================
  clear    S1: registry returns trials for both pins (MSLN=169, CLDN18=3)
  clear    S2: pinned names classify as expected (Amatuximab=chimeric, Zolbetuximab=chimeric)
  clear    S3: every target with a binder carries a Stage 3 risk
  clear    S4: no target escapes the ceiling applied to it: 3 admitted against the persistent 0.15, 5 against the terminable 0.35, each on a route declaring the exposure stoppable
  clear    S5: epitope immunogenicity is NOT_CONNECTED on every row
  clear    S6: 200 rows and 200 distinct genes against the 200 the Stage 4 manifest records
  clear    S7: every target with stopped trials is flagged or blocked
  clear    S8: a planted 24 bp repeat is reported at 5, 49, and a control with none reports 0
  clear    S9: planted donor and acceptor are both found (['splice_acceptor', 'splice_donor']), and a control with neither reports 0
  clear    S10: a 39-codon reading frame planted out of frame is reported (1), and the same frame planted as the coding frame is not (0)
  clear    S11: re-encoded under a synonymous codon table, all 5 constructs keep every CODON_INVARIANT finding and every one of them moves at least one MAP_SPECIFIC finding; no finding is unlabelled
  clear    S12: a domain map repeating one part reports it once and a map repeating none reports nothing; across 5 shipping design(s) the detector reports a repeated part on none, which is reported rather than required either way - a dual design repeats the leader, hinge and transmembrane by construction, and this arm gates nothing
  clear    S13: the arm changed no sequence, no domain map and no verdict across all 200 constructs
  clear    S14: 5 safety record(s) carry a construct-safety report, exactly the 5 construct(s) that assembled
========================================================================
  14/14 criteria clear

========================================================================
WHAT THE GATE SAYS
========================================================================
    PASSES_STATED_CHECKS      0  (0%)
    FLAGGED                   5  (2%)
    BLOCKED                 192  (96%)
    NO_GATE                   3  (2%)

  WHICH QUESTIONS THIS RUN ACTUALLY EXERCISED
  --------------------------------------------------------------------
    reached the immunogenicity and trials questions   5 of 200
    stopped at carried Stage 3 risk                   192
    stopped for want of a binder                      3

    PASSES_STATED_CHECKS is not a safety claim. It means three named
    questions failed to show a problem, and one of them — epitope-level
    immunogenicity — was not asked at all.

  The five known targets
  --------------------------------------------------------------------
    CEACAM5   BLOCKED                risk  0.6000 (gi_tract) binder Cergutuzumab, Cibisatamab, Labetuzumab [ORIGIN_UNKNOWN]
      trials  342, stopped 27
      - Stage 3 risk 0.6000 exceeds the persistent ceiling 0.15 (peak organ gi_tract)
    CEACAM6   BLOCKED                risk  0.8135 (lung) binder Tinurilimab [ORIGIN_UNKNOWN]
      trials    2, stopped 0
      - Stage 3 risk 0.8135 exceeds the persistent ceiling 0.15 (peak organ lung)
    CLDN18    BLOCKED                risk  0.7271 (lung) binder Ciletatug, Garetatug, Givastomig [chimeric]
      trials    3, stopped 0
      - Stage 3 risk 0.7271 exceeds the persistent ceiling 0.15 (peak organ lung)
    MSLN      BLOCKED                risk  0.6366 (lung) binder Amatuximab, Anetumab, Inezetamab [chimeric]
      trials  169, stopped 34
      - Stage 3 risk 0.6366 exceeds the persistent ceiling 0.15 (peak organ lung)
    MUC1      BLOCKED                risk  0.9215 (liver) binder Cantuzumab, Clivatuzumab, Gatipotuzumab [humanised]
      trials  492, stopped 30
      - Stage 3 risk 0.9215 exceeds the persistent ceiling 0.15 (peak organ liver)

  Binder origin across targets that have one, read from the name stem
    ORIGIN_UNKNOWN           14
    chimeric                  5
    non-human                 5
    murine                    4
    human                     3
    humanised                 2
    A naming convention, not a sequence measurement. Stage 5 records
    humanisation_state NOT_CONNECTED from the deposited taxonomy; this
    is a second, equally indirect reading reported beside it.

  configuration hash 7b703a7cc4a2d0d6
