  server up on http://127.0.0.1:8137

========================================================================
REJECTION CRITERIA
========================================================================
  clear    A1: project created (201), target_antigen None and discovery mode B
  clear    A2: a view before any run answers 409 RUN_NOT_COMPLETE with instructions, not an empty list
  clear    A3: a run returns 202 with job 7984183a912c rather than blocking

  polling
    running   sources  loading cached sources
    running   pairing  evaluating pairs
    running   binders  retrieving binders
    complete  ranking  RANKED
  clear    A4: job finished complete after stages ['sources', 'pairing', 'binders', 'ranking']
  clear    A5: 200 BUILDABLE: 8 buildable = 8 complete + 0 awaiting a binder; 2 over budget, 1 reasons
  clear    A6: end state RANKED, attrition accounts for 192 + 8 of 200; 8 reached = 8 complete + 0 awaiting
  clear    A7: top target CEACAM5 with a 6-component breakdown
  clear    A8: pairs carry the span percentile beside the raw fraction (0.006321856890514115 at percentile 0.0785)
  clear    A10: an unknown project answers 404 NOT_FOUND and one that exists without a finished run answers 409 RUN_NOT_COMPLETE: a client can tell a bad id from a run in progress
  clear    A9: evidence trail for MSLN spans 7 stages: stage3, stage4, stage5, stage6, stage9, stage10, stage11
========================================================================
  10/10 criteria clear

========================================================================
WHAT THE API RETURNS FOR THIS INDICATION
========================================================================
    GET /constructs -> BUILDABLE
      - Every surviving design routes to an adaptor architecture. That is two manufactured biologics, not one: the receptor and, separately, the tagged adaptor antibody that gives it its specificity. The second carries its own CMC package and its own regulatory path, and the payload budget the adaptor route saves is paid there instead.

    GET /result     -> RANKED
      blocked on normal tissue risk      - 191     9 remain
      no design recommended              -   0     9 remain
      no binder retrieved                -   1     8 remain
      no construct assembled             -   0     8 remain
      construct over budget              -   0     8 remain
